====================================================================================================
RUN CENSUS — 811 recorded runs under runs/
====================================================================================================

## 1. Runs by kind and type

kind    type    runs
------  ------  ----
ladder  SEARCH  454 
probe   SEARCH  219 
ladder  LEARN   95  
corpus  SEARCH  40  
corpus  LEARN   3   

## 2. Runs by date (and the commits that produced them)

date        runs  probe  ladder  LEARN  incomplete  #commits  commits                      
----------  ----  -----  ------  -----  ----------  --------  -----------------------------
2026-07-08  18    0      18      2      0           2         c8a16ee6,f6e11ea8            
2026-07-13  35    0      26      5      1           5         6ef83912,a462abc2,b7347167...
2026-07-14  6     0      0       0      0           5         09f32d91,64cdadc3,67417495...
2026-07-15  21    0      0       0      3           2         06b9d536,969c8b8d            
2026-07-16  2     0      0       0      1           2         0a76a32a,67417495            
2026-07-18  14    0      14      2      0           1         b88897c9                     
2026-07-19  7     0      7       1      0           1         d5156312                     
2026-07-20  245   3      237     35     3           5         2d77c4d6,4674fa01,532e1255...
2026-07-22  34    0      34      22     0           3         2dbb2534,680258bc,96c2c246   
2026-07-26  57    47     10      1      1           2         7f420cac,99d38b28            
2026-07-27  372   169    203     30     2           6         1b43b3a4,260fa76b,272d13e5...

## 3. Incomplete runs (no results.json — crashed or interrupted): 11

date        run_id            kind    subject                     arm    
----------  ----------------  ------  --------------------------  -------
2026-07-13  327f987f1e9883ba  corpus  e6-rederive-d4              -      
2026-07-15  bb4569afddfd2265  corpus  grain-contrast              -      
2026-07-15  44947476d24036bc  corpus  grain-contrast-3x3-only     -      
2026-07-15  55b200f07144bb14  corpus  grain-contrast-3x3-only     -      
2026-07-16  45c63d3e5da33823  corpus  e5-rederive-rot90           -      
2026-07-20  dfe0b3c3bde753df  ladder  al3-quad-symmetrize         train  
2026-07-20  e4e15b71945b5138  ladder  al4-mask-crop               train  
2026-07-20  2adce00dbf3246bd  ladder  al3-quad-symmetrize         train  
2026-07-26  fc0d550e55962832  ladder  dae9d2b5-halves-union       train  
2026-07-27  01a9f9d2213630d1  probe   dae9d2b5-split-halves       probe  
2026-07-27  77b99c75572033d2  ladder  dae9d2b5-split-halves-lean  raw-arm

## 4. Per-ladder inventory (ladder-corpus runs only; probes counted separately)

ladder                       ladder-runs  probes  train  heldout  raw  LEARN  #budgets  #commits  dates                 
---------------------------  -----------  ------  -----  -------  ---  -----  --------  --------  ----------------------
94f9d214-nor-halves          14           0       12     2        0    2      7         1         2026-07-27..2026-07-27
94f9d214-nor-merged          25           24      21     3        1    5      3         1         2026-07-27..2026-07-27
94f9d214-nor-recolor         21           0       16     3        2    2      7         3         2026-07-27..2026-07-27
94f9d214-recolor-first       0            8       0      0        0    0      0         1         2026-07-27..2026-07-27
?                            0            3       0      0        0    0      0         1         2026-07-20..2026-07-20
a740d043-crop-normalize      0            4       0      0        0    0      0         1         2026-07-27..2026-07-27
al1-mirror                   45           17      37     7        1    11     5         9         2026-07-18..2026-07-27
al10-skippable               5            9       4      1        0    1      1         4         2026-07-20..2026-07-27
al11-greedy-trap             10           0       9      1        0    1      1         1         2026-07-20..2026-07-20
al12-unlearnable             4            0       3      1        0    1      1         1         2026-07-20..2026-07-20
al13-symmetry-repair         14           0       12     2        0    2      1         1         2026-07-20..2026-07-20
al14-cell-row-grid           15           17      13     2        0    2      2         4         2026-07-20..2026-07-27
al15-shift-frame             18           0       15     2        1    5      3         3         2026-07-20..2026-07-22
al16-layout-nest             18           0       15     2        1    5      3         3         2026-07-20..2026-07-22
al17-shift-frame-tall        21           8       18     2        1    5      3         6         2026-07-20..2026-07-27
al18-fanin-rotate            18           0       15     2        1    5      3         3         2026-07-20..2026-07-22
al19-fanin-recolor           20           0       17     2        1    5      3         3         2026-07-20..2026-07-22
al2-rot90-calibration        17           0       13     3        1    4      4         3         2026-07-20..2026-07-22
al20-recolor-telescope       20           0       17     2        1    5      3         3         2026-07-20..2026-07-22
al21-dag-siblings            8            12      6      1        1    1      2         2         2026-07-26..2026-07-26
al3-quad-symmetrize          10           0       9      1        0    3      3         3         2026-07-20..2026-07-20
al4-mask-crop                10           0       9      1        0    2      2         2         2026-07-20..2026-07-20
al5-perceiver-chain          17           0       15     2        0    2      3         3         2026-07-20..2026-07-26
al6-mirror-tall              9            0       8      1        0    1      1         1         2026-07-20..2026-07-20
al7-fast-tower               10           0       9      1        0    1      1         1         2026-07-20..2026-07-20
al8-lean-perceiver           8            0       7      1        0    1      1         1         2026-07-20..2026-07-20
al9-decoy                    10           0       9      1        0    1      1         1         2026-07-20..2026-07-20
dae9d2b5-half-param          8            17      7      1        0    1      1         1         2026-07-27..2026-07-27
dae9d2b5-halves-union        1            0       1      0        0    0      1         1         2026-07-26..2026-07-26
dae9d2b5-recolor-first       0            15      0      0        0    0      0         1         2026-07-27..2026-07-27
dae9d2b5-recolor-solo        0            4       0      0        0    0      0         1         2026-07-27..2026-07-27
dae9d2b5-split-asym-lean     22           0       17     4        1    3      6         3         2026-07-27..2026-07-27
dae9d2b5-split-halves        0            9       0      0        0    0      0         2         2026-07-27..2026-07-27
dae9d2b5-split-halves-lean   17           0       12     3        2    2      7         3         2026-07-27..2026-07-27
dae9d2b5-split-recolor       19           40      16     2        1    2      3         2         2026-07-27..2026-07-27
dae9d2b5-split-recolor-lean  14           0       11     2        1    4      2         2         2026-07-27..2026-07-27
e1-rot90                     18           0       11     7        0    2      3         2         2026-07-08..2026-07-08
fafffa47-nor-halves          14           0       12     2        0    2      7         1         2026-07-27..2026-07-27
fafffa47-nor-merged          22           24      18     3        1    2      3         1         2026-07-27..2026-07-27
fafffa47-nor-recolor         21           0       16     3        2    2      7         2         2026-07-27..2026-07-27
fafffa47-recolor-first       0            8       0      0        0    0      0         1         2026-07-27..2026-07-27
layered-abstraction          13           0       7      6        0    1      1         1         2026-07-13..2026-07-13
perceive-transform           13           0       7      6        0    1      1         1         2026-07-13..2026-07-13

## 5. CONFIG DRIFT — ladders whose runs span more than one budget fingerprint

   (cells under different budgets are not cost-comparable; see the 25.4x pool result)

  94f9d214-nor-halves  (14 runs, 7 budgets)
        4x  d3/pool30/arity3/clim2000000:immediate/slimNone:generation-end   [2026-07-27]
        3x  d3/pool150/arity3/clim2000000:immediate/slim1:immediate   [2026-07-27]
        2x  d2/pool30/arity3/clim2000000:immediate/slimNone:generation-end   [2026-07-27]
        2x  d2/pool30/arity3/clim2000000:immediate/slim1:immediate   [2026-07-27]
        1x  d4/pool30/arity3/clim2000000:immediate/slimNone:generation-end   [2026-07-27]
        1x  d4/pool750/arity3/clim2000000:immediate/slim1:immediate   [2026-07-27]
        1x  d3/pool30/arity3/clim2000000:immediate/slim1:immediate   [2026-07-27]
  94f9d214-nor-merged  (25 runs, 3 budgets)
       14x  d2/pool30/arity3/clim2000000:immediate/slimNone:generation-end   [2026-07-27]
       10x  d2/pool30/arity3/clim2000000:immediate/slim1:immediate   [2026-07-27]
        1x  d5/pool200000/arity3/clim1440850:immediate/slim1:immediate   [2026-07-27]
  94f9d214-nor-recolor  (21 runs, 7 budgets)
        5x  d3/pool30/arity3/clim2000000:immediate/slimNone:generation-end   [2026-07-27]
        5x  d3/pool150/arity3/clim2000000:immediate/slim1:immediate   [2026-07-27]
        4x  d2/pool30/arity3/clim2000000:immediate/slimNone:generation-end   [2026-07-27]
        4x  d2/pool30/arity3/clim2000000:immediate/slim1:immediate   [2026-07-27]
        1x  d5/pool200000/arity3/clim1201460:immediate/slim1:immediate   [2026-07-27]
        1x  d3/pool30/arity3/clim2000000:immediate/slim1:immediate   [2026-07-27]
        1x  d5/pool200000/arity3/clim5231740:immediate/slim1:immediate   [2026-07-27]
  al1-mirror  (45 runs, 5 budgets)
       16x  d2/pool300/arity2/clim50000:immediate/slimNone:generation-end   [2026-07-20,2026-07-22,2026-07-27]
       14x  dNone/pool300/arity2/climNone:None/slimNone:None   [2026-07-18]
        7x  d2/pool300/arity2/climNone:None/slimNone:None   [2026-07-19]
        7x  d2/pool300/arity2/clim50000:generation-end/slimNone:generation-end   [2026-07-20]
        1x  d4/pool200000/arity2/clim537110:immediate/slim1:immediate   [2026-07-22]
  al14-cell-row-grid  (15 runs, 2 budgets)
        8x  d3/pool2000/arity4/clim400000:immediate/slimNone:generation-end   [2026-07-20]
        7x  d3/pool2000/arity4/clim50000:immediate/slimNone:generation-end   [2026-07-20]
  al15-shift-frame  (18 runs, 3 budgets)
       10x  d2/pool400/arity2/clim50000:immediate/slimNone:generation-end   [2026-07-20,2026-07-22]
        7x  d2/pool400/arity2/climNone:immediate/slimNone:generation-end   [2026-07-20]
        1x  d5/pool200000/arity2/clim186270:immediate/slim1:immediate   [2026-07-22]
  al16-layout-nest  (18 runs, 3 budgets)
       10x  d2/pool400/arity2/clim50000:immediate/slimNone:generation-end   [2026-07-20,2026-07-22]
        7x  d2/pool400/arity2/climNone:immediate/slimNone:generation-end   [2026-07-20]
        1x  d4/pool200000/arity2/clim18170:immediate/slim1:immediate   [2026-07-22]
  al17-shift-frame-tall  (21 runs, 3 budgets)
       12x  d2/pool400/arity2/clim50000:immediate/slimNone:generation-end   [2026-07-20,2026-07-22]
        8x  d2/pool400/arity2/climNone:immediate/slimNone:generation-end   [2026-07-20]
        1x  d6/pool200000/arity2/clim266770:immediate/slim1:immediate   [2026-07-22]
  al18-fanin-rotate  (18 runs, 3 budgets)
       10x  d2/pool400/arity2/clim50000:immediate/slimNone:generation-end   [2026-07-20,2026-07-22]
        7x  d2/pool400/arity2/climNone:immediate/slimNone:generation-end   [2026-07-20]
        1x  d4/pool200000/arity2/clim21610:immediate/slim1:immediate   [2026-07-22]
  al19-fanin-recolor  (20 runs, 3 budgets)
       12x  d2/pool400/arity2/clim50000:immediate/slimNone:generation-end   [2026-07-20,2026-07-22]
        7x  d2/pool400/arity2/climNone:immediate/slimNone:generation-end   [2026-07-20]
        1x  d4/pool200000/arity2/clim478070:immediate/slim1:immediate   [2026-07-22]
  al2-rot90-calibration  (17 runs, 4 budgets)
        6x  d2/pool400/arity2/clim50000:immediate/slimNone:generation-end   [2026-07-20,2026-07-22]
        5x  d2/pool400/arity2/climNone:None/slimNone:None   [2026-07-20]
        5x  d2/pool400/arity2/clim50000:generation-end/slimNone:generation-end   [2026-07-20]
        1x  d4/pool200000/arity2/clim270:immediate/slim1:immediate   [2026-07-22]
  al20-recolor-telescope  (20 runs, 3 budgets)
       12x  d2/pool400/arity2/clim50000:immediate/slimNone:generation-end   [2026-07-20,2026-07-22]
        7x  d2/pool400/arity2/climNone:immediate/slimNone:generation-end   [2026-07-20]
        1x  d5/pool200000/arity2/clim362790:immediate/slim1:immediate   [2026-07-22]
  al21-dag-siblings  (8 runs, 2 budgets)
        7x  d2/pool400/arity2/clim50000:immediate/slimNone:generation-end   [2026-07-26]
        1x  d3/pool200000/arity2/clim4310:immediate/slim1:immediate   [2026-07-26]
  al3-quad-symmetrize  (10 runs, 3 budgets)
        8x  d4/pool2000/arity2/clim50000:immediate/slimNone:generation-end   [2026-07-20]
        1x  d4/pool2000/arity2/climNone:None/slimNone:None   [2026-07-20]
        1x  d4/pool2000/arity2/clim50000:generation-end/slimNone:generation-end   [2026-07-20]
  al4-mask-crop  (10 runs, 2 budgets)
        8x  d4/pool2000/arity3/clim50000:immediate/slimNone:generation-end   [2026-07-20]
        2x  d4/pool2000/arity3/climNone:None/slimNone:None   [2026-07-20]
  al5-perceiver-chain  (17 runs, 3 budgets)
        8x  d3/pool1500/arity3/climNone:None/slimNone:None   [2026-07-20]
        8x  d3/pool1500/arity3/clim50000:immediate/slimNone:generation-end   [2026-07-20]
        1x  d2/pool1500/arity3/clim50000:immediate/slimNone:generation-end   [2026-07-26]
  dae9d2b5-split-asym-lean  (22 runs, 6 budgets)
        7x  d2/pool30/arity3/clim2000000:immediate/slimNone:generation-end   [2026-07-27]
        7x  d2/pool30/arity3/clim2000000:immediate/slim1:immediate   [2026-07-27]
        5x  d3/pool150/arity3/clim2000000:immediate/slim1:immediate   [2026-07-27]
        1x  d3/pool30/arity3/clim2000000:immediate/slimNone:generation-end   [2026-07-27]
        1x  d3/pool30/arity3/clim2000000:immediate/slim1:immediate   [2026-07-27]
        1x  d4/pool200000/arity3/clim3302860:immediate/slim1:immediate   [2026-07-27]
  dae9d2b5-split-halves-lean  (17 runs, 7 budgets)
        5x  d3/pool30/arity3/clim2000000:immediate/slimNone:generation-end   [2026-07-27]
        5x  d3/pool150/arity3/clim2000000:immediate/slim1:immediate   [2026-07-27]
        2x  d2/pool30/arity3/clim2000000:immediate/slimNone:generation-end   [2026-07-27]
        2x  d2/pool30/arity3/clim2000000:immediate/slim1:immediate   [2026-07-27]
        1x  d4/pool200000/arity3/clim721650:immediate/slim1:immediate   [2026-07-27]
        1x  d3/pool30/arity3/clim2000000:immediate/slim1:immediate   [2026-07-27]
        1x  d4/pool200000/arity3/clim2881790:immediate/slim1:immediate   [2026-07-27]
  dae9d2b5-split-recolor  (19 runs, 3 budgets)
        9x  d2/pool150/arity3/clim2000000:immediate/slimNone:generation-end   [2026-07-27]
        9x  d2/pool150/arity3/clim2000000:immediate/slim1:immediate   [2026-07-27]
        1x  d4/pool200000/arity3/clim25007890:immediate/slim1:immediate   [2026-07-27]
  dae9d2b5-split-recolor-lean  (14 runs, 2 budgets)
       13x  d2/pool30/arity3/clim2000000:immediate/slimNone:generation-end   [2026-07-27]
        1x  d4/pool200000/arity3/clim1009730:immediate/slim1:immediate   [2026-07-27]
  e1-rot90  (18 runs, 3 budgets)
       13x  dNone/pool200/arity1/climNone:None/slimNone:None   [2026-07-08]
        3x  dNone/pool100/arity1/climNone:None/slimNone:None   [2026-07-08]
        2x  dNone/pool500/arity2/climNone:None/slimNone:None   [2026-07-08]
  fafffa47-nor-halves  (14 runs, 7 budgets)
        4x  d3/pool30/arity3/clim2000000:immediate/slimNone:generation-end   [2026-07-27]
        3x  d3/pool150/arity3/clim2000000:immediate/slim1:immediate   [2026-07-27]
        2x  d2/pool30/arity3/clim2000000:immediate/slimNone:generation-end   [2026-07-27]
        2x  d2/pool30/arity3/clim2000000:immediate/slim1:immediate   [2026-07-27]
        1x  d4/pool30/arity3/clim2000000:immediate/slimNone:generation-end   [2026-07-27]
        1x  d4/pool750/arity3/clim2000000:immediate/slim1:immediate   [2026-07-27]
        1x  d3/pool30/arity3/clim2000000:immediate/slim1:immediate   [2026-07-27]
  fafffa47-nor-merged  (22 runs, 3 budgets)
       11x  d2/pool30/arity3/clim2000000:immediate/slimNone:generation-end   [2026-07-27]
       10x  d2/pool30/arity3/clim2000000:immediate/slim1:immediate   [2026-07-27]
        1x  d5/pool200000/arity3/clim1522330:immediate/slim1:immediate   [2026-07-27]
  fafffa47-nor-recolor  (21 runs, 7 budgets)
        5x  d3/pool30/arity3/clim2000000:immediate/slimNone:generation-end   [2026-07-27]
        5x  d3/pool150/arity3/clim2000000:immediate/slim1:immediate   [2026-07-27]
        4x  d2/pool30/arity3/clim2000000:immediate/slimNone:generation-end   [2026-07-27]
        4x  d2/pool30/arity3/clim2000000:immediate/slim1:immediate   [2026-07-27]
        1x  d5/pool200000/arity3/clim1364420:immediate/slim1:immediate   [2026-07-27]
        1x  d3/pool30/arity3/clim2000000:immediate/slim1:immediate   [2026-07-27]
        1x  d5/pool200000/arity3/clim5237270:immediate/slim1:immediate   [2026-07-27]

## 6. LEARN runs — proposer / metric / engine census

proposer                   metric             iterations  runs
-------------------------  -----------------  ----------  ----
AntiunifyPairs             CompressionMetric  5           61  
AntiunifyPairs             CompressionMetric  6           13  
AntiunifyPairs             CompressionMetric  4           6   
AntiunifyPairs             CompressionMetric  2           3   
AntiunifyPairs             CompressionMetric  8           3   
FrequentSubtree            CompressionMetric  5           3   
TypeScopedFrequentSubtree  CompressionMetric  5           3   
StitchProposer             CompressionMetric  5           3   
FrequentSubtree            CompressionMetric  6           2   
AntiunifyPairs             CompressionMetric  7           1   

## 7. Commits represented in the store (machinery generations)

commit    runs  dates                   #subjects
--------  ----  ----------------------  ---------
1b43b3a4  184   2026-07-27..2026-07-27  16       
532e1255  161   2026-07-20..2026-07-20  16       
260fa76b  90    2026-07-27..2026-07-27  7        
aad497c7  59    2026-07-20..2026-07-20  4        
272d13e5  58    2026-07-27..2026-07-27  2        
7f420cac  47    2026-07-26..2026-07-26  5        
d5ae2f32  26    2026-07-13..2026-07-13  2        
2dbb2534  20    2026-07-22..2026-07-22  8        
c038fa15  19    2026-07-20..2026-07-20  5        
6012073d  19    2026-07-27..2026-07-27  3        
06b9d536  17    2026-07-15..2026-07-15  3        
c8a16ee6  16    2026-07-08..2026-07-08  1        
b88897c9  14    2026-07-18..2026-07-18  1        
ede5e258  14    2026-07-27..2026-07-27  2        
96c2c246  12    2026-07-22..2026-07-22  7        
99d38b28  10    2026-07-26..2026-07-26  3        
d5156312  7     2026-07-19..2026-07-19  1        
dc8ae13d  7     2026-07-27..2026-07-27  4        
4674fa01  5     2026-07-20..2026-07-20  1        
b7347167  4     2026-07-13..2026-07-13  2        
969c8b8d  4     2026-07-15..2026-07-15  1        
6ef83912  3     2026-07-13..2026-07-13  2        
f6e11ea8  2     2026-07-08..2026-07-08  1        
67417495  2     2026-07-14..2026-07-16  2        
ae60af64  2     2026-07-14..2026-07-14  1        
680258bc  2     2026-07-22..2026-07-22  2        
a462abc2  1     2026-07-13..2026-07-13  1        
c26128be  1     2026-07-13..2026-07-13  1        
09f32d91  1     2026-07-14..2026-07-14  1        
cb1342de  1     2026-07-14..2026-07-14  1        
64cdadc3  1     2026-07-14..2026-07-14  1        
0a76a32a  1     2026-07-16..2026-07-16  1        
2d77c4d6  1     2026-07-20..2026-07-20  1        

## 8. Committed report.json artifacts vs runs still on disk

artifact                     run_ids_in_report  still_on_disk  store_runs  #budgets  #commits
---------------------------  -----------------  -------------  ----------  --------  --------
94f9d214-nor-halves          0                  -              14          7         1       
94f9d214-nor-merged          0                  -              25          3         1       
94f9d214-nor-recolor         0                  -              21          7         3       
al1-mirror                   0                  -              45          5         7       
al15-shift-frame             0                  -              18          3         3       
al16-layout-nest             0                  -              18          3         3       
al17-shift-frame-tall        0                  -              21          3         4       
al18-fanin-rotate            0                  -              18          3         3       
al19-fanin-recolor           0                  -              20          3         3       
al2-rot90-calibration        0                  -              17          4         3       
al20-recolor-telescope       0                  -              20          3         3       
al21-dag-siblings            0                  -              8           2         1       
al5-perceiver-chain          0                  -              17          3         3       
dae9d2b5-half-param          0                  -              8           1         1       
dae9d2b5-split-asym-lean     0                  -              22          6         3       
dae9d2b5-split-halves-lean   0                  -              17          7         3       
dae9d2b5-split-recolor       0                  -              19          3         2       
dae9d2b5-split-recolor-lean  0                  -              14          2         2       
fafffa47-nor-halves          0                  -              14          7         1       
fafffa47-nor-merged          0                  -              22          3         1       
fafffa47-nor-recolor         0                  -              21          7         2       

## 9. Subjects present in runs/ with NO committed report.json

subject                  runs
-----------------------  ----
al14-cell-row-grid       32  
e1-rot90                 18  
dae9d2b5-recolor-first   15  
al10-skippable           14  
al13-symmetry-repair     14  
perceive-transform       13  
layered-abstraction      13  
al3-quad-symmetrize      10  
al4-mask-crop            10  
al7-fast-tower           10  
al9-decoy                10  
al11-greedy-trap         10  
al6-mirror-tall          9   
dae9d2b5-split-halves    9   
al8-lean-perceiver       8   
94f9d214-recolor-first   8   
fafffa47-recolor-first   8   
al12-unlearnable         4   
dae9d2b5-recolor-solo    4   
a740d043-crop-normalize  4   
?                        3   
dae9d2b5-halves-union    1   

## 10. Where the compute actually went (top 25 runs by considered)

date        subject                     arm      type    considered  wall   censored
----------  --------------------------  -------  ------  ----------  -----  --------
2026-07-27  dae9d2b5-split-recolor      raw-arm  SEARCH  25,007,890  1932s  True    
2026-07-20  al5-perceiver-chain         train    SEARCH  20,409,817  1718s  None    
2026-07-20  al5-perceiver-chain         train    SEARCH  20,080,859  1536s  None    
2026-07-15  quick-check-d511f180        -        SEARCH  14,329,638  752s   None    
2026-07-20  al5-perceiver-chain         train    SEARCH  6,311,826   298s   None    
2026-07-27  fafffa47-nor-recolor        raw-arm  SEARCH  5,237,270   349s   True    
2026-07-27  94f9d214-nor-recolor        raw-arm  SEARCH  5,231,740   291s   True    
2026-07-20  al5-perceiver-chain         train    SEARCH  3,834,451   176s   None    
2026-07-20  al5-perceiver-chain         train    SEARCH  3,481,665   159s   None    
2026-07-20  al5-perceiver-chain         train    SEARCH  3,441,518   156s   None    
2026-07-27  dae9d2b5-split-asym-lean    raw-arm  SEARCH  3,302,860   245s   True    
2026-07-27  dae9d2b5-split-recolor      train    SEARCH  3,074,669   110s   False   
2026-07-27  dae9d2b5-split-recolor      train    SEARCH  3,074,669   103s   False   
2026-07-27  dae9d2b5-split-halves-lean  raw-arm  SEARCH  2,881,790   215s   True    
2026-07-20  al14-cell-row-grid          train    SEARCH  2,800,000   54s    True    
2026-07-20  al14-cell-row-grid          train    SEARCH  2,800,000   105s   True    
2026-07-20  al14-cell-row-grid          train    SEARCH  2,800,000   100s   True    
2026-07-20  al14-cell-row-grid          train    SEARCH  2,800,000   99s    True    
2026-07-20  al14-cell-row-grid          train    SEARCH  2,800,000   99s    True    
2026-07-20  al14-cell-row-grid          train    SEARCH  2,800,000   111s   True    
2026-07-27  dae9d2b5-split-recolor      train    SEARCH  2,799,755   104s   False   
2026-07-14  arc1-train                  -        SEARCH  2,704,865   75s    None    
2026-07-20  arc1-train                  -        SEARCH  2,704,065   79s    False   
2026-07-20  arc1-train                  -        SEARCH  2,704,065   80s    False   
2026-07-20  arc1-train                  -        SEARCH  2,632,841   77s    False   

   total considered across all completed runs: 289,304,962
   total wall-clock across all completed runs:  4.17 h

[wrote /Users/williamboan/Documents/Career Transition - Projects/abstraction-experimentation/experiments/2026-08-03-run-store-census/artifacts/run_census.csv and /Users/williamboan/Documents/Career Transition - Projects/abstraction-experimentation/experiments/2026-08-03-run-store-census/artifacts/run_census.txt]
