    task recolored_west-00 {
        solution: recolored_west(input)
        train [[0,0,4,0,3,0],[4,4,0,0,3,0],[0,0,0,0,3,0]]
        train [[0,0,0,4,0,3,0,0],[0,4,4,0,0,3,0,0],[4,0,0,0,0,3,0,0],[0,0,4,4,0,3,0,0]]
        test  [[4,0,0,0,0,3],[0,0,4,0,0,3]]
    }
    task recolored_west-01 {
        solution: recolored_west(input)
        train [[0,4,4,3,0,0],[4,0,0,3,0,0],[0,0,4,3,0,0],[4,4,0,3,0,0],[0,0,0,3,0,0]]
        train [[0,0,4,4,0,0,3,0,3,0],[4,4,0,0,0,0,3,0,3,0]]
        test  [[0,0,0,4,0,3,0,0],[0,4,4,0,0,3,0,0],[4,0,0,0,0,3,0,0]]
    }
    task recolored_west-heldout {
        solution: recolored_west(input)
        train [[4,0,0,0,0,3],[0,0,4,0,0,3],[4,4,0,0,0,3],[0,0,0,0,0,3]]
        train [[4,4,0,0,0,3,0,3,0,0],[0,0,0,4,4,3,0,3,0,0],[0,4,4,0,0,3,0,3,0,0]]
        test  [[0,4,4,0,3,0,0,3],[4,0,0,0,3,0,0,3],[0,0,4,4,3,0,0,3],[4,4,0,0,3,0,0,3],[0,0,0,4,3,0,0,3]]
    }
    task recolored_east-00 {
        solution: recolored_east(input)
        train [[0,0,4,4,0,3,0,3],[4,4,0,0,0,3,0,3]]
        train [[0,0,0,0,3,0],[0,4,4,0,3,0],[4,0,0,0,3,0],[0,0,4,0,3,0],[4,4,0,0,3,0]]
        test  [[4,0,0,0,0,3],[0,0,4,0,0,3],[4,4,0,0,0,3]]
    }
    task recolored_east-01 {
        solution: recolored_east(input)
        train [[0,4,4,0,0,3,0,0,3,0],[4,0,0,0,4,3,0,0,3,0],[0,0,4,4,0,3,0,0,3,0]]
        train [[0,0,4,0,3,0],[4,4,0,0,3,0],[0,0,0,0,3,0],[0,4,4,0,3,0]]
        test  [[0,0,0,4,0,3,0,0],[0,4,4,0,0,3,0,0]]
    }
    task recolored_east-heldout {
        solution: recolored_east(input)
        train [[4,0,0,0,0,0,3,0],[0,0,4,4,0,0,3,0],[4,4,0,0,0,0,3,0],[0,0,0,4,0,0,3,0],[0,4,4,0,0,0,3,0]]
        train [[4,4,0,3,0,3],[0,0,0,3,0,3]]
        test  [[0,4,4,0,0,3,0,0,3,0],[4,0,0,0,4,3,0,0,3,0],[0,0,4,4,0,3,0,0,3,0],[4,4,0,0,0,3,0,0,3,0]]
    }
