<!-- Generated by LadderSpec.render() -- regenerate with `arc-lab run-ladder dae9d2b5-split-recolor --artifacts <dir>`; never hand-edit. -->

# LadderSpec: dae9d2b5-split-recolor

Derived from `dae9d2b5-split-recolor.ladder` (in `program_search/ladders/registry/`) -- that file is this ladder's source of truth: floor, rung templates, config and tasks. Everything below is COMPUTED from it.

- Height: 5 (4 bridging rungs + top)
- Floor library: `dae9d2b5-split-L0` (4 primitives)
- Depth schedule (`derived`): the `depth_limit` each oracle-chain level runs at, `L_0` first -- [2, 2, 2, 2, 2]. Every sandwich claim below is stated against ITS OWN level's entry.
- Pinned `depth_limit` (what the source file states): 2
- Uniform validity window: `depth_limit` in [2, 2] (inclusive)
- Raw depth profile (top solutions unfolded to `L_0`): [4]

## Verification

- Static lint (what this file asserts): **OK** -- 98 checks (errors: 0, warnings: 1)
  - warn `not-all-telescope`: every rung has fan-in 1 (a pure telescope)
- Empirical certificate (jump tractability in fact, skip paths, demonstration health): NOT covered by this file -- see results.md beside it, generated from the oracle-chain runs

## Shape

- Overall: DAG (a rung feeds several or non-adjacent consumers; max fan-out 1), recombination (max fan-in 2)
- Off-spine: none
- Dependencies (lower-rung calls, with multiplicity):
  - r_1 `west`: floor primitives only
  - r_2 `east`: floor primitives only
  - r_3 `recolored_west`: `west` x1
  - r_4 `recolored_east`: `east` x1
  - top `dae9d2b5`: `recolored_west` x1, `recolored_east` x1

## Rung spine

| level | rung             | L_i-1 | d_i | needs | d_tmpl | tmpl needs | double-jump | dj needs | fan-in | demos | kind          |
| ----- | ---------------- | ----- | --- | ----- | ------ | ---------- | ----------- | -------- | ------ | ----- | ------------- |
| 1     | `west`           | 2     | 2   | 2     | 2      | 2          | 3           | 3        | 0      | 2     | full_solution |
| 2     | `east`           | 2     | 2   | 2     | 2      | 2          | 3           | 3        | 0      | 2     | full_solution |
| 3     | `recolored_west` | 2     | 2   | 2     | 2      | 2          | 3           | 3        | 1      | 2     | full_solution |
| 4     | `recolored_east` | 2     | 2   | 2     | 2      | 2          | 3           | 3        | 1      | 2     | full_solution |
| top   | (goal layer)     | 2     | 2   | 2     | -      | -          | -           | -        | 2      | 1     | -             |

- `L_i-1`: the `depth_limit` the level BELOW this rung runs at -- the budget every claim in this row is stated against (the ladder's depth schedule, above).
- `d_i`: the GENERATION the engine composes this rung's DEEPEST DEMONSTRATION at over `L_{i-1}`, a leaf being 0 (top row: of the reference solutions over `L_k`). The demonstration, not the template, because that is what the wake searches for. The design doc's jump depth, and the unit `solved_at_generation` reports in.
- `needs`: the smallest `depth_limit` that puts it in REACH -- the quantity every affordability claim above, and the validity window, is stated in. Equal to `d_i` for a first-order target; larger when a lambda body needs its own descended budget (`analysis/depth.py`).
- `d_tmpl`: depth of the rung TEMPLATE -- what sleep has to mint. Equals `d_i` unless a demonstration WRAPS the rung (any non-Grid rung must be wrapped, since a task solution has to produce a Grid), which costs `d_tmpl + (wrapper depth - 1)`.
- `double-jump`: depth of the shallowest consumer TARGET above with this rung inlined -- what skipping this rung would cost in depth (for the last rung, from the top solutions)
- `fan-in`: calls to any lower rung, with multiplicity; floor calls don't count (design doc, section 2)
- `kind`: the demonstration kind DERIVED from each task's solution shape (LADDER-FORMAT.md DRV-2), not declared anywhere

## Floor breadth (round 1)

| level | rung             | b1 (full) | b1 (min) | ratio    | battery                                           |
| ----- | ---------------- | --------- | -------- | -------- | ------------------------------------------------- |
| 1     | `west`           | 1,211     | 1        | 1,211.0x | color: 10 minted / 0 used, int: 9 minted / 1 used |
| 2     | `east`           | 1,212     | 1        | 1,212.0x | color: 10 minted / 0 used, int: 9 minted / 1 used |
| 3     | `recolored_west` | 1,213     | 5        | 242.6x   | color: 10 minted / 2 used, int: 9 minted / 0 used |
| 4     | `recolored_east` | 1,214     | 5        | 242.8x   | color: 10 minted / 2 used, int: 9 minted / 0 used |

- `b1`: candidates the FIRST composition round builds -- the typed-census model the cost forecaster uses, so variadic arities and polymorphic slots count exactly as the engine counts them.
- `b1 (min)`: the same round with the library cut to the primitives this rung's demonstration references AND the constants cut to the values it uses. The irreducible width of this rung on this floor.
- **An indicator, not a prediction.** Round 1 is exact and UNDERSTATES badly, because the tax compounds with depth: `dae9d2b5-halves-union` r_1 reads 1,211x here and MEASURED ~5.3e6 at depth 3 -- round 1 understated it ~4,000-fold. Use these to rank floors and to compare a ladder against itself; only `arc-lab probe-ladder` measures.
- `battery`: constant leaves minted per type, against how many this rung uses. Minting is gated on whether ANY floor primitive mentions the type, so one colour-taking primitive buys every rung the full ten-colour battery.

## Top Rung (goal layer -- nothing is minted here)

- `dae9d2b5`: d=2, needs depth_limit 2, over `L_4`

## Reference config (resolved)

The frozen ladder default with the source file's `config` block applied -- the effective machinery, which neither the default nor the file shows on its own.

- Budget: `Budget`
  - depth_limit: `2`
  - max_arity: `3`
  - max_pool: `150`
  - considered_limit: `2000000`
  - considered_limit_mode: `immediate`
  - solution_limit: `None`
  - solution_limit_mode: `generation-end`
- Search engine: `BottomUpSearchEngine`
  - constant_sources: `['finite-enumerate-scalars']`
  - function_hole_fill_mode: `none`
  - polymorphism_instantiation: `monomorphize`
  - unpinned_type_var_mode: `reject`
  - function_sample_size: `4`
  - inverse_semantics_propagation: `False`
- Learn: `LearnSpec`
  - learn_engine: `GreedyMDLLearnEngine`
    - proposer: `AntiunifyPairs`
      - bound_var_safe: `False`
    - selector: `GreedyMDL`
    - metric: `CompressionMetric`
      - cost: `ProgramSize`
      - bits_per_primitive: `1.0`
    - name_prefix: `abs`
  - iterations: `5`
  - early_stop: `True`
  - reset_programs_each_wake: `True`
  - score_each_wake: `False`
  - wake_schedule: `full`
  - curriculum: `None`
running ladder dae9d2b5-split-recolor (chain + certificate first; climb only if admitted)...
certificate: ADMITTED -- climb executed.
wrote docs/abstraction_ladders/ladders/dae9d2b5-split-recolor/{spec.md, results.md, report.json}
