ladder                   iter wake (learned) oracle column    gap
al1-mirror                  0         33,715        33,715  1.00x
al1-mirror                  1         34,560        34,560  1.00x
al1-mirror                  2        132,005       132,005  1.00x
al2-rot90-calibration       0             21            21  1.00x
al2-rot90-calibration       1             39            39  1.00x
al15-shift-frame            0         17,935        17,935  1.00x
al15-shift-frame            1         18,795        18,795  1.00x
al15-shift-frame            2         19,675        19,675  1.00x
al16-layout-nest            0          1,555         1,555  1.00x
al16-layout-nest            1          1,875         1,875  1.00x
al16-layout-nest            2          2,225         2,225  1.00x
al17-shift-frame-tall       0         25,109        25,109  1.00x
al17-shift-frame-tall       1         26,313        26,313  1.00x
al17-shift-frame-tall       2         27,545        27,545  1.00x
al17-shift-frame-tall       3         28,805        28,805  1.00x
al18-fanin-rotate           0          1,875         1,875  1.00x
al18-fanin-rotate           1          2,225         2,225  1.00x
al18-fanin-rotate           2          2,605         2,605  1.00x
al19-fanin-recolor          0         46,425        46,425  1.00x
al19-fanin-recolor          1         48,145        48,145  1.00x
al19-fanin-recolor          2         49,895        49,895  1.00x
al20-recolor-telescope      0         35,275        35,275  1.00x
al20-recolor-telescope      1         36,525        36,525  1.00x
al20-recolor-telescope      2         37,795        37,795  1.00x
