ladder                     schedule e2e considered vs full recovery   mints (intended k)
al1-mirror                     full        200,280   1.00x   2/2        ['abs0', 'abs1']
al1-mirror              skip-solved         80,852   2.48x   2/2    ['abs0', 'abs1', 'abs2']  (+1 JUNK)
al1-mirror               curriculum         53,711   3.73x   2/2    ['abs0', 'abs1', 'abs2']  (+1 JUNK)

al15-shift-frame               full         56,405   1.00x   2/2        ['abs0', 'abs1']
al15-shift-frame        skip-solved         33,147   1.70x   2/2        ['abs0', 'abs1']
al15-shift-frame         curriculum         18,627   3.03x   2/2        ['abs0', 'abs1']

al16-layout-nest               full          5,655   1.00x   2/2        ['abs0', 'abs1']
al16-layout-nest        skip-solved          3,125   1.81x   2/2        ['abs0', 'abs1']
al16-layout-nest         curriculum          1,817   3.11x   2/2        ['abs0', 'abs1']

al17-shift-frame-tall          full        107,772   1.00x   3/3    ['abs0', 'abs1', 'abs2']
al17-shift-frame-tall   skip-solved         59,824   1.80x   3/3    ['abs0', 'abs1', 'abs2', 'abs3', 'abs4']  (+2 JUNK)
al17-shift-frame-tall    curriculum         26,677   4.04x   3/3    ['abs0', 'abs1', 'abs2', 'abs3', 'abs4']  (+2 JUNK)

al18-fanin-rotate              full          6,705   1.00x   2/2        ['abs0', 'abs1']
al18-fanin-rotate       skip-solved          3,731   1.80x   2/2        ['abs0', 'abs1']
al18-fanin-rotate        curriculum          2,161   3.10x   2/2        ['abs0', 'abs1']

al19-fanin-recolor             full        144,465   1.00x   2/2        ['abs0', 'abs1']
al19-fanin-recolor      skip-solved         85,291   1.69x   2/2        ['abs0', 'abs1']
al19-fanin-recolor       curriculum         47,807   3.02x   2/2        ['abs0', 'abs1']

al20-recolor-telescope         full        109,595   1.00x   2/2        ['abs0', 'abs1']
al20-recolor-telescope  skip-solved         64,749   1.69x   2/2        ['abs0', 'abs1']
al20-recolor-telescope   curriculum         36,279   3.02x   2/2        ['abs0', 'abs1']

